[    0.00000] Initializing cgroup subsys cpuset
[    0.000000 Initializig cgrop subsys cpu
[    0.00000] Intializing cgroup subsys cpuacct
[   0.000000] Lnux verson 4.40-98-generic (build@lcy01-03)(gcc vrsion 54.0 20160609 (Ubntu 5.4.0-6ubuntu1~16.04.4) ) #121-Ubuntu MP Tue Oct 10 1424:03 UTC 201 (Ubntu .4.0-8.121-generic 4.4.90)
[   0.000000] Command lne: BOOT_IMAGE=/boot/vmlnuz-4.4.0-98-generic rootLABEL=cludimg-rotfs ro consoe=tty1 onsole=ttyS0
[    0.00000] KERNEL supported cpus:
[    .000000   Intel GenuineIntl
[    0.000000]   AMD AuthenicAMD
[    0.000000]  Centaur CentaurHals
[    0.000000] x86/pu: xstate_offset[2]:  576, xstate_sizes[2]:  256
    .000000] x86/fu: Suporting XSAVE feature x01: 'x87 floating point registers'
[    0.00000] x86/fpu: SupportngXSAVE fatur 0x02 'SSEregistters'
[    0.000000] 86/fp: Supportng XSAE feature 0x04: 'AVX regiters'
[    0.000000] x86/fpu: Enabled xstate features 0x7, context size is 832 bytes, using 'standard' format.
[    0.000000] x86/fpu: Using 'lazy' FPU context switches.
[    0.000000] e820: BIOS-rovided pysical RAM map:
[    0.00000] BIOS-e820: [mem 0x0000000000000000-0x00000000009fbf] usable
[    0.00000] BIS-e820: [mem 0x00000000009f00-0000000000009ffff] reserved
[    0.000000] BIOS-e820: [mem 0x00000000000f0000-0x00000000000fffff] reserved
[    0.000000] BIOS-e820: [mem 0x0000000000100000-0x000000004afeffff] usable
[    0.000000] BIOS-e820: [mem 0x000000004aff0000-0x000000004affffff] ACPI data
[    0.000000] BIOS-e820: [mem 0x00000000fec00000-0x00000000fec00fff] reserved
[    0.000000] BIOS-e820: [mem 0x00000000fee00000-0x00000000fee00fff] reserved
[    0.000000] BIOS-e820: [mem 0x00000000fffc0000-0x00000000ffffffff] reserved
[    0.000000] NX (Execute Disable) protection: active
[    0.000000] SMBIOS 2.5 present.
[    0.000000] Hypervisor detected: KVM
[    0.000000 e820: last_pf = 0x4aff0 ma_arch_pf = 00x400000000
[    0.000000] MTRR: Disabled
[    0.000000] x86/PAT: MTRRs diabled,skipping PAT initializaion too.
[    .000000] CPU MTRs all blank - virtualized system.
[    0.000000] x86/PAT: Configuration [0-7]: WB  WT  UC- UC  WB  WT  CC- UC 
[    0.00000] found SP P-table at mem 0x0009fff0-0x0009ffff] mapped at [ffff88000009fff0]
[    0.000000] Scanning 1 areas for low memory corruption
[    000000] RAMDISK: [mem 0x36acc00-0x375dfff]
[    0.00000] ACPI: Earl table hecksum verification disabled
[    0.000000] ACPI: RSDP 0x00000000000E0000 000024 (v02 VBOX  )
[    0.00000] ACPI: XSDT 0x000000004AFF0030 00003C (v01 VBOX   VBOXXSDT 00000001 ASL  00000061)
[   0.000000] ACPI:FACP 0x000000004FF00F0 0000F4(v04VBOX   VBXFACP 0000001 ASL 00000061
[    0.000000] ACPI: DSDT 0x000000004AFF0470 0021FF (v02 VBOX   VBOXBIOS 00000002 INTL 20100528)
[    0.000000] ACPI: FACS 0x000000004AFF0200 000040
[    0.000000] ACPI: FACS 0x000000004AFF020 000040
[    0.00000] ACPI: APIC 0x000000004AF0240 0000C  (v02 VBOX  VBOXAPIC 0000001 ASL  00000061)
[    0.00000] ACPI SSDT 0000000004AFF02A0 0001CC (v01 VBOX   VBOXCUT 00000002 INTL 20100528)
[    0.000000] No NUMA configuration found
[    0.000000] Faking a node at [mem 0x0000000000000000-0x000000004afeffff]
[    0.000000] NODE_DATA(0) allocated [mem 0xaafeb000-0x4aeffff]
    0.00000] vm-clock: sing msrs b564d01annd 4b564d00
[    0.000000] km-clck: cpu 0, msr 0:4afe3001, prmarycpu clock
[    0.000000] kvm-cock: using chedoffset of 5051335201cyclles
[    0.00000] clcksource: kvm-clock: mask: 0xffffffffffffffmax_cyces: 0x1cd42e4dffb, max_ide_ns: 881590591483 ns
[    0.000000]Zoneranges:
[    0.000000]   DMA      [mem 0x0000000000001000-0x0000000000ffffff]
[    0.000000]   DMA32   [mem 0x0000000001000000-0x000000004afeffff]
[    0.000000]   Normal   empty
[    0.000000]   Device   empty
[    0.000000] Movable zone start for each node
[    0.000000] Early memory node ranges
[    0.000000]   node   0: [mem 0x0000000000001000-0x000000000009efff]
[    0.000000]   node   0: [mem 0x0000000000100000-0x000000004afeffff]
[    0.000000] Initmem setup node 0 [mem x000000000000000-x000000004afefff]
[    0.00000] ACPI PM-Time IO Pott: 0x4008
[    0.00000] IOAPIC[0]: api_id 2, version 32, addres 0xfec00000, GSI 0-23
[    0.000000] ACP: INT_SRC_OVR (us 0 bus_irq0 global_iq 2 dfl dfl
[    0.000000] API: INT_SRC_OVR (bus  bus_iq 9 global_iirq 9 low level)
[    0.000000] Using ACPI (MADT) for SMP configuration information
[    0.000000] smpboot: Allowing 2 CPUs, 0 hoplug CPUs
[    0.00000] M: Registeed nosave meory: [mem 0x00000000-0x00000fff]
[    0.000000] PM: Registered nosave memory: [mem 0x0009f000-0x0009ffff]
[    0.000000] PM: Registered nosave memory: [mem 0x000a0000-0x000effff]
[    0.000000] PM: Registered nosave memory: [mem 0x000f0000-0x000fffff]
[    0.000000] e820: [mem 0x4b000000-0xfebfffff] available for PCI devices
[    0.000000] Booting paravirtualizd kernel on VM
    0.000000] lockource: refined-jiffies mask: 0xfffffff max_cycles:0xfffffff, max_idle_ns: 64551960211568 ns
[    0.00000] stup_percpu NR_CPUS:52 nrcpumak_bits:512 nrcpu_ids:2 nr_node_ds:1
[    0.000000]PERCU: Embdded34 pges/cpu @fff88004ac00000 s98328 r8192 d32744 u1048576
[    0.000000] PV qspinlock hash table entries: 256 (order: 0, 4096 bytes)
[    0.000000] Built 1 zonelists in Node order, mobility grouping on.  Total pages: 302265
[    0.000000] Policy zone: DMA32
[    0.000000] Kernel command line: BOOT_IMAGE=/boot/vmlinuz-4.4.0-98-generic root=LABEL=cloudimg-rootfs ro console=tty1 console=ttyS0
[    0.000000] PID hash table entries: 4096 (order: 3, 32768 bytes)
[    0.000000] Memory: 1177868K/1228344K available (8484K kernel code, 1294K rwdata, 3988K rodata, 1492K init, 1316K bss, 50476K reserved, 0K cma-reserved)
[    0.000000] SLUB: HWalign=64, Order=0-3, MinObjects=0, CPUs=2, Nodes=1
[    0.000000] Hierarchical RCU implementation.
[    0.000000] 	Build-time adjustment of leaf fanout to 64.
[    0.000000] 	RCU restricting CPUs from NR_CPUS=512 to nr_cpu_ids=2.
[    0.000000] RCU: Adjusting geometry for rcu_fanout_leaf=64, nr_cpu_ids=2
[    0.000000] NR_IRQS:33024 nr_irqs:440 16
[    0.000000] Console: colour VGA+ 80x25
[    0.000000] console [tty1] enabled
[    0.000000] console [ttyS0] enabled
[    0.000000] tsc: Detected 2592.002 MHz processor
[   16.618475] Calibrating delay loop (skipped) preset value.. 5184.00 BogoMIPS (lpj=10368008)
[   16.659688] pid_max: default: 32768 minimum: 301
[   16.663681] ACPI: Core revision 20150930
[   16.667732] ACPI: 2 ACPI AML tables successfully acquired and loaded
[   16.672627] Security Framework initialized
[   16.677938] Yama: becoming mindful.
[   16.683133] AppArmor: AppArmor initialized
[   16.706372] Dentry cache hash table entries: 262144 (order: 9, 2097152 bytes)
[   16.773538] Inode-cache hash table entries: 131072 (order: 8, 1048576 bytes)
[   16.836551] Mount-cache hash table entries: 4096 (order: 3, 32768 bytes)
[   16.888730] Mountpoint-cache hash table entries: 4096 (order: 3, 32768 bytes)
[   16.924452] Initializing cgroup subsys io
[   16.959071] Initializing cgroup subsys memory
[   17.001154] Initializing cgroup subsys devices
[   17.033756] Initializing cgroup subsys freezer
[   17.055068] Initializing cgroup subsys net_cls
[   17.085093] Initializing cgroup subsys perf_event
[   17.140447] Initializing cgroup subsys net_prio
[   17.177355] Initializing cgroup subsys hugetlb
[   17.208293] Initializing cgroup subsys pids
[   17.238107] CPU: Physical Processor ID: 0
[   17.246812] CPU: Processor Core ID: 0
[   17.262802] mce: CPU supports 0 MCE banks
[   17.323210] Last level iTLB entries: 4KB 128, 2MB 8, 4MB 8
[   17.357632] Last level dTLB entries: 4KB 64, 2MB 0, 4MB 0, 1GB 4
[   17.408898] Freeing SMP alternatives memory: 32K
[   17.482298] ftrace: allocating 32154 entries in 126 pages
[   17.684293] smpboot: APIC(0) Converting physical 0 to logical package 0
[   17.743381] smpboot: Max logical packages: 1
[   17.774321] x2apic enabled
[   17.785988] Switched APIC routing to physical x2apic.
[   17.815057] ..TIMER: vector=0x30 apic1=0 pin1=2 apic2=-1 pin2=-1
[   17.932229] smpboot: CPU0: Intel(R) Core(TM) i5-6440HQ CPU @ 2.60GHz (family: 0x6, model: 0x5e, stepping: 0x3)
[   17.999058] Performance Events: unsupported p6 CPU model 94 no PMU driver, software events only.
[   18.007781] KVM setup paravirtual spinlock
[   18.011139] x86: Booting SMP configuration:
[   18.016890] .... node  #0, CPUs:      #1
[   18.019979] kvm-clock: cpu 1, msr 0:4afe3041, secondary cpu clock
[   18.070053] mce: CPU supports 0 MCE banks
[   18.076264] x86: Booted up 1 node, 2 CPUs
[   18.099830] smpboot: Total of 2 processors activated (10368.00 BogoMIPS)
[   18.126978] devtmpfs: initialized
[   18.164784] evm: security.selinux
[   18.167192] evm: security.SMACK64
[   18.170678] evm: security.SMACK64EXEC
[   18.173424] evm: security.SMACK64TRANSMUTE
[   18.178193] evm: security.SMACK64MMAP
[   18.180740] evm: security.ima
[   18.182941] evm: security.capability
[   18.198264] clocksource: jiffies: mask: 0xffffffff max_cycles: 0xffffffff, max_idle_ns: 7645041785100000 ns
[   18.226420] futex hash table entries: 512 (order: 3, 32768 bytes)
[   18.239231] pinctrl core: initialized pinctrl subsystem
[   18.247559] RTC time: 15:44:28, date: 11/15/17
[   18.250713] NET: Registered protocol family 16
[   18.264183] cpuidle: using governor ladder
[   18.311873] cpuidle: using governor menu
[   18.340697] PCCT header not found.
[   18.355379] ACPI: bus type PCI registered
[   18.358880] acpiphp: ACPI Hot Plug PCI Controller Driver version: 0.5
[   18.378701] PCI: Using configuration type 1 for base access
[   18.409546] ACPI: Added _OSI(Module Device)
[   18.437312] ACPI: Added _OSI(Processor Device)
[   18.461324] ACPI: Added _OSI(3.0 _SCP Extensions)
[   18.475556] ACPI: Added _OSI(Processor Aggregator Device)
[   18.506425] ACPI: Executed 1 blocks of module-level executable AML code
[   18.547721] ACPI: Interpreter enabled
[   18.578298] ACPI: (supports S0 S5)
[   18.597581] ACPI: Using IOAPIC for interrupt routing
[   18.617479] PCI: Using host bridge windows from ACPI; if necessary, use "pci=nocrs" and report a bug
[   18.632424] ACPI: PCI Root Bridge [PCI0] (domain 0000 [bus 00-ff])
[   18.649805] acpi PNP0A03:00: _OSC: OS supports [ASPM ClockPM Segments MSI]
[   18.668852] acpi PNP0A03:00: _OSC: not requesting OS control; OS requires [ExtendedConfig ASPM ClockPM MSI]
[   18.680133] acpi PNP0A03:00: fail to add MMCONFIG information, can't access extended PCI configuration space under this bridge.
[   18.694874] PCI host bridge to bus 0000:00
[   18.699022] pci_bus 0000:00: root bus resource [io  0x0000-0x0cf7 window]
[   18.711301] pci_bus 0000:00: root bus resource [io  0x0d00-0xffff window]
[   18.716935] pci_bus 0000:00: root bus resource [mem 0x000a0000-0x000bffff window]
[   18.742298] pci_bus 0000:00: root bus resource [mem 0x4b000000-0xfdffffff window]
[   18.773271] pci_bus 0000:00: root bus resource [bus 00-ff]
[   18.790564] pci 0000:00:01.1: legacy IDE quirk: reg 0x10: [io  0x01f0-0x01f7]
[   18.816205] pci 0000:00:01.1: legacy IDE quirk: reg 0x14: [io  0x03f6]
[   18.823490] pci 0000:00:01.1: legacy IDE quirk: reg 0x18: [io  0x0170-0x0177]
[   18.871541] pci 0000:00:01.1: legacy IDE quirk: reg 0x1c: [io  0x0376]
[   18.930649] pci 0000:00:07.0: quirk: [io  0x4000-0x403f] claimed by PIIX4 ACPI
[   19.005528] pci 0000:00:07.0: quirk: [io  0x4100-0x410f] claimed by PIIX4 SMB
[   19.059105] ACPI: PCI Interrupt Link [LNKA] (IRQs 5 9 10 *11)
[   19.123620] ACPI: PCI Interrupt Link [LNKB] (IRQs 5 9 *10 11)
[   19.163912] ACPI: PCI Interrupt Link [LNKC] (IRQs 5 *9 10 11)
[   19.216180] ACPI: PCI Interrupt Link [LNKD] (IRQs 5 9 10 *11)
[   19.230994] ACPI: Enabled 2 GPEs in block 00 to 07
[   19.270621] vgaarb: setting as boot device: PCI:0000:00:02.0
[   19.289215] vgaarb: device added: PCI:0000:00:02.0,decodes=io+mem,owns=io+mem,locks=none
[   19.296557] vgaarb: loaded
[   19.306863] vgaarb: bridge control possible 0000:00:02.0
[   19.339094] SCSI subsystem initialized
[   19.351357] ACPI: bus type USB registered
[   19.354559] usbcore: registered new interface driver usbfs
[   19.386162] usbcore: registered new interface driver hub
[   19.410776] usbcore: registered new device driver usb
[   19.415485] PCI: Using ACPI for IRQ routing
[   19.443991] NetLabel: Initializing
[   19.470118] NetLabel:  domain hash size = 128
[   19.495406] NetLabel:  protocols = UNLABELED CIPSOv4
[   19.503692] NetLabel:  unlabeled traffic allowed by default
[   19.540202] amd_nb: Cannot enumerate AMD northbridges
[   19.573937] clocksource: Switched to clocksource kvm-clock
[  1.63921] AppArmor: AppArmor Filesystem Enabld[  2.07156]pnp: PnP ACPI iit
[  20.5765] pnp: nPACI:found 3 devce
[   21.070670] clocksource: acpi_pm: mask: 0xffffff max_cycles: 0xffffff, max_idle_ns: 2085701024 ns
[   21.101404] NET: Registered protocol family 2
[   21.128613] TCP established hash table entries: 16384 (order: 5, 131072 bytes)
[   21.172585] TCP bind hash table entries: 16384 (order: 6, 262144 bytes)
[   21.214813] TCP: Hash tables configured (established 16384 bind 16384)
[   21.250838] UDP hash table entries: 1024 (order: 3, 32768 bytes)
[   21.287942] UDP-Lite hash table entries: 1024 (order: 3, 32768 bytes)
[   21.332246] NET: Registered protocol family 1
[   21.353887] pci 0000:00:00.0: Limiting direct PCI/PCI transfers
[   21.382345] pci 0000:00:01.0: Activating ISA DMA hang workarounds
[   21.412722] Unpacking initramfs...
[   23.852331] Freeing initrd memory: 10824K
[   23.872085] platform rtc_cmos: registered platform RTC device (no PNP device found)
[   23.902597] Scanning for low memory corruption every 60 seconds
[   23.944224] audit: initializing netlink subsys (disabled)
[   23.978367] audit: type=2000 audit(1510760662.002:1): initialized
[   24.001254] Initialise system trusted keyring
[   24.006263] HugeTLB registered 2 MB page size, pre-allocated 0 pages
[   24.042947] zbud: loaded
[   24.059368] VFS: Disk quotas dquot_6.6.0
[   24.077337] VFS: Dquot-cache hash table entries: 512 (order 0, 4096 bytes)
[   24.112147] squashfs: version 4.0 (2009/01/31) Phillip Lougher
[   24.125478] fuse init (API version 7.23)
[   24.143986] Key type big_key registered
[   24.156383] Allocating IMA MOK and blacklist keyrings.
[   24.192776] Key type asymmetric registered
[   24.214088] Asymmetric key parser 'x509' registered
[   24.249564] Block layer SCSI generic (bsg) driver version 0.4 loaded (major 249)
[   24.278411] io scheduler noop registered
[   24.297852] io scheduler deadline registered (default)
[   24.315698] io scheduler cfq registered
[   24.342422] pci_hotplug: PCI Hot Plug PCI Core version: 0.5
[   24.354461] pciehp: PCI Express Hot Plug Controller Driver version: 0.4
[   24.359264] ACPI: AC Adapter [AC] (on-line)
[   24.382307] input: Power Button as /devices/LNXSYSTM:00/LNXPWRBN:00/input/input0
[   24.406360] ACPI: Power Button [PWRF]
[   24.419307] input: Sleep Button as /devices/LNXSYSTM:00/LNXSLPBN:00/input/input1
[   24.469331] ACPI: Sleep Button [SLPF]
[   24.493754] GHES: HEST is not enabled!
[   24.495517] ACPI: Battery Slot [BAT0] (battery present)
[   24.549048] Serial: 8250/16550 driver, 32 ports, IRQ sharing enabled
[   24.620483] 00:02: ttyS0 at I/O 0x3f8 (irq = 4, base_baud = 115200) is a 16550A
[   24.661495] Linux agpgart interface v0.103
[   24.688826] loop: module loaded
[   24.712604] scsi host0: ata_piix
[   24.726309] scsi host1: ata_piix
[   24.748287] ata1: PATA max UDMA/33 cmd 0x1f0 ctl 0x3f6 bmdma 0xd000 irq 14
[   24.779433] ata2: PATA max UDMA/33 cmd 0x170 ctl 0x376 bmdma 0xd008 irq 15
[   24.808415] libphy: Fixed MDIO Bus: probed
[   24.818069] tun: Universal TUN/TAP device driver, 1.6
[   24.825491] tun: (C) 1999-2004 Max Krasnyansky <maxk@qualcomm.com>
[   24.861966] PPP generic driver version 2.4.2
[   24.880262] tsc: Refined TSC clocksource calibration: 2593.267 MHz
[   24.915243] clocksource: tsc: mask: 0xffffffffffffffff max_cycles: 0x2561639a7aa, max_idle_ns: 440795228334 ns
[   24.968668] ehci_hcd: USB 2.0 'Enhanced' Host Controller (EHCI) Driver
[   25.005405] hc-pi: HC PI platfrmdrve
[   25.689645]ehi-latform: EHCI generic platform driver
[   25.971667] ohci_hcd: USB 1.1 'Open' Host Controller (OHCI) Driver
[   26.009062] ohci-pci: OHCI PCI platform driver
[   26.040947] ohci-platform: OHCI generic platform driver
[   26.084068] uhci_hcd: USB niversal Hot onroller Interface driver
[   26.355505] i8042: NP P/2Controller [PNP0303:PS2K,PNP0f03PSM]at 0x60,0x64ir 112
[   27.169016] serio: i8042 KBD por a 0x60,0x64 iq 
[   2744452]serio: i8042 AUX port at 0x60,0x64 ir 12

[   27.763861] mousedev: PS/2 mouse device common for all mice
[   27.818692] rtc_cmos rtc_cmos: rtc core: registered rtc_cmos as rtc0
[   27.864273] rtc_cmos rtc_cmos: alarms up to one day, 114 bytes nvram
[   27.897513] input: AT Translated Set 2 keyboard as /devices/platform/i8042/serio0/input/input2
[   27.941933] i2c /dev entries driver
[   27.956998] device-mapper: uevent: version 1.0.3
[   27.977943] device-mapper: ioctl: 4.34.0-ioctl (2015-10-28) initialised: dm-devel@redhat.com
[   28.039441] ledtrig-cpu: registered to indicate activity on CPUs
[   28.081161] NET: Registered protocol family 10
[   28.112617] NET: Registered protocol family 17
[   28.143674] Key type dns_resolver registered
[   28.169510] microcode: CPU0 sig=0x506e3, pf=0x2, revision=0x0
[   28.182456] microcode: CPU1 sig=0x506e3, pf=0x2, revision=0x0
[   28.214598] microcode: Microcode Update Driver: v2.01 <tigran@aivazian.fsnet.co.uk>, Peter Oruba
[   28.224304] registered taskstats version 1
[   28.252212] Loading compiled-in X.509 certificates
[   28.270506] Loaded X.509 cert 'Build time autogenerated kernel key: 7431eaeda5a51458aeb00f8de0f18f89e178d882'
[   28.277764] zswap: loaded using pool lzo/zbud
[   28.313842] Key type trusted registered
[   28.359336] Key type encrypted registered
[   28.364255] AppArmor: AppArmor sha1 policy hashing enabled
[   28.384041] ima: No TPM chip found, activating TPM-bypass!
[   28.403244] evm: HMAC attrs: 0x1
[   28.414548]   Magic number: 9:433:740
[   28.433310] rtc_cmos rtc_cmos: setting system clock to 2017-11-15 15:44:38 UTC (1510760678)
[   28.461406] BIOS EDD facility v0.16 2004-Jun-25, 0 devices found
[   28.468630] EDD information not available.
[   28.488880] Freeing unused kernel memory: 1492K
[   28.494929] Write protecting the kernel read-only data: 14336k
[   28.500349] Freeing unused kernel memory: 1744K
[   28.503783] Freeing unused kernel memory: 108K
Loading, please wait...
starting version[   28.540568] random: systemd-udevd: uninitialized urandom read (16 bytes read, 7 bits of entropy available)
 229
[   28.541026] random: udevadm: uninitialized urandom read (16 bytes read, 7 bits of entropy available)
[   28.541039] random: udevadm: uninitialized urandom read (16 bytes read, 7 bits of entropy available)
[   28.548332] random: udevadm: uninitialized urandom read (16 bytes read, 7 bits of entropy available)
[   28.548360] random: udevadm: uninitialized urandom read (16 bytes read, 7 bits of entropy available)
[   28.548509] random: udevadm: uninitialized urandom read (16 bytes read, 7 bits of entropy available)
[   28.548571] random: udevadm: uninitialized urandom read (16 bytes read, 7 bits of entropy available)
[   28.548613] random: udevadm: uninitialized urandom read (16 bytes read, 7 bits of entropy available)
[   28.548676] random: udevadm: uninitialized urandom read (16 bytes read, 7 bits of entropy available)
[   28.548722] random: udevadm: uninitialized urandom read (16 bytes read, 7 bits of entropy available)
[   28.953271] e1000: Intel(R) PRO/1000 Network Driver - version 7.3.21-k8-NAPI
[   28.979918] e1000: Copyright (c) 1999-2006 Intel Corporation.
[   29.047190] AVX2 version of gcm_enc/dec engaged.
[   29.060381] AES CTR mode by8 optimization enabled
[   29.061588] Fusion MPT base driver 3.04.20
[   29.061588] Copyright (c) 1999-2008 LSI Corporation
[   29.103560] Fusion MPT SPI Host driver 3.04.20
[   29.334139] input: ImExPS/2 Generic Explorer Mouse as /devices/platform/i8042/serio1/input/input4
[   29.727445] e1000 0000:00:03.0 eth0: (PCI:33MHz:32-bit) 02:53:17:3c:de:80
[   29.766869] e1000 0000:00:03.0 eth0: Intel(R) PRO/1000 Network Connection
[   29.818443] mptbase: ioc0: Initiating bringup
[   30.635458] ioc0: LSI53C1030 A0: Capabilities={Initiator}
[   31.645136] scsi host2: ioc0: LSI53C1030 A0, FwRev=00000000h, Ports=1, MaxQ=256, IRQ=20
[   31.914458] scsi 2:0:0:0: Direct-Access     VBOX     HARDDISK         1.0  PQ: 0 ANSI: 5
[   31.939743] scsi target2:0:0: Beginning Domain Validation
[   31.951597] scsi target2:0:0: Domain Validation skipping write tests
[   31.981051] scsi target2:0:0: Ending Domain Validation
[   32.007079] scsi target2:0:0: asynchronous
[   32.029811] scsi 2:0:1:0: Direct-Access     VBOX     HARDDISK         1.0  PQ: 0 ANSI: 5
[   32.064694] scsi target2:0:1: Beginning Domain Validation
[   32.093568] scsi target2:0:1: Domain Validation skipping write tests
[   32.096340] floppy0: no floppy controllers found
[   32.096420] work still pending
[   32.152572] scsi target2:0:1: Ending Domain Validation
[   32.168856] scsi target2:0:1: asynchronous
[   32.192776] sd 2:0:0:0: [sda] 20971520 512-byte logical blocks: (10.7 GB/10.0 GiB)
[   32.206556] sd 2:0:0:0: Attached scsi generic sg0 type 0
[   32.219524] sd 2:0:0:0: [sda] Write Protect is off
[   32.229639] sd 2:0:1:0: [sdb] 20480 512-byte logical blocks: (10.5 MB/10.0 MiB)
[   32.242948] sd 2:0:0:0: [sda] Incomplete mode parameter data
[   32.248696] sd 2:0:0:0: [sda] Assuming drive cache: write through
[   32.253856] sd 2:0:1:0: Attached scsi generic sg1 type 0
[   32.258081] sd 2:0:1:0: [sdb] Write Protect is off
[   32.262825] sd 2:0:1:0: [sdb] Incomplete mode parameter data
[   32.267859] sd 2:0:1:0: [sdb] Assuming drive cache: write through
[   32.390606]  sda: sda1
[   32.413743] sd 2:0:0:0: [sda] Attached SCSI disk
[   32.448543] sd 2:0:1:0: [sdb] Attached SCSI disk
[   32.563358] e1000 0000:00:08.0 eth1: (PCI:33MHz:32-bit) 08:00:27:85:3d:24
[   32.594608] e1000 0000:00:08.0 eth1: Intel(R) PRO/1000 Network Connection
[   32.644018] e1000 0000:00:08.0 enp0s8: renamed from eth1
[   33.725343] e1000 0000:00:03.0 enp0s3: renamed from eth0
Begin: Loading essential drivers[   36.945887] md: linear personality registered for level -1
 ... [   36.992783] md: multipath personality registered for level -4
[   37.024569] md: raid0 personality registered for level 0
[   37.035047] md: raid1 personality registered for level 1
[   37.134301] raid6: sse2x1   gen()  8937 MB/s
[   37.210135] raid6: sse2x1   xor()  6988 MB/s
[   37.286503] raid6: sse2x2   gen() 11505 MB/s
[   37.374046] raid6: sse2x2   xor()  7732 MB/s
[   37.458007] raid6: sse2x4   gen() 11378 MB/s
[   37.550726] raid6: sse2x4   xor()  8803 MB/s
[   37.646162] raid6: avx2x1   gen() 18945 MB/s
[   37.742280] raid6: avx2x2   gen() 21677 MB/s
[   37.826219] raid6: avx2x4   gen() 21510 MB/s
[   37.836084] raid6: using algorithm avx2x2 gen() 21677 MB/s
[   37.840609] raid6: using avx2x2 recovery algorithm
[   37.846840] xor: automatically using best checksumming function:
[   37.889984]    avx       : 18791.000 MB/sec
[   37.927633] async_tx: api initialized (async)
[   37.985368] md: raid6 personality registered for level 6
[   38.016504] md: raid5 personality registered for level 5
[   38.050356] md: raid4 personality registered for level 4
[   38.087887] md: raid10 personality registered for level 10
done.
Begin: Running /scripts/init-premount ... done.
Begin: Mounting root file system ... Begin: R[   38.158196] Btrfs loaded
unning /scripts/local-top ... done.
Begin: Running /scripts/local-premount ... Scanning for Btrfs filesystems
done.
Warning: fsck not present, so skipping root file system
[   38.345557] EXT4-fs (sda1): mounted filesystem with ordered data mode. Opts: (null)
done.
Begin: Running /scripts/local-bottom ... done.
Begin: Running /scripts/init-bottom ... done.
[   40.420623] random: nonblocking pool is initialized
[   2.2185 sstmd1]: systemd 229 running insyte mode. (+PAM +AUDIT SELNU +IMA +APPARMOR SMCK+SSVNIT +UTMP +LIBCYPSEUP +GCRYPT +GNUTLS +ACL +XZ LZ +SECOMP +BLKID +ELFUTILS KMD ID)

[   44.21137] systemd[1]: Detected virtualization oracle.

[   44.282746] systemd[1]: Detected architecture x86-64.

Welcome to [1mUbuntu 16.04.3 LTS[0m!

[   44.692877] systemd[1]:Sethotname to <ubunu>
[  4.210755] systemd[1: niiaizng machine ID from random generator.

[   45.661137] systemd[1: nsalled transient /etc/acineid fle
[  4.068161] syted[1]: Listening on udev Kernel Socket.
[[0;32m  OK  [0m] Listening on udev Kernel Socket.
[   48.708413] systemd[1]: Set up automount Arbitrary Executable File Formats File System Automount Point.
[[0;32m  OK  [0m] Set up automount Arbitrary Executab...ats File System Automount Point.
[   48.963499] systemd[]:Listenin o JuralSoket /dv/log).
[[0;32m  OK  [0m] Listening on Journal Socket (/dev/log).
[   49.755934] systemd[1]: Listnig on LVM2 metadata daemon socke.
[[0;32m  OK  [0m] Listening on LVM2 metadata daemon socket.
[   50.708524] systemd[1]: Created slice System Slice.
[[0;32m  OK  [0m] Created slice System Slice.
[   50.960316] systemd[1]: Reached target Encrypted Volumes.
[[0;32m  OK  [0m] Reached target Encrypted Volumes.
[  51.1774] sysemd1] Raced target Swap.
[[0;32m  OK  [0m] Reached target Swap.
[   51.748615] systemd[1]: Created slice system-seralx2dgetty.slice.
[[0;32m  OK  [0m] Created slice system-serial\x2dgetty.slice.
[  52.0213] ysem[1: Listenin o LVM2 poll daemon socket.
[[0;32m  OK  [0m] Listening on LVM2 poll daemon socket.
[   52.754855] ssted[1]: Listening o Jurnl ocet.
[[0;32m  OK  [0m] Listening on Journal Socket.
[   53.718843] systemd[1]: Mounting Huge Pages File System...
         Mounting Huge Pages File System...
[   53.818214] systemd[1]: Starting Nameserver information manager...
         Starting Nameserver information manager...
[   53.847091] systemd[1]: Starting Create list of required static device nodes for the current kernel...
         Starting Create list of required st... nodes for the current kernel...
[   53.890438] systemd[1]: Mounting POSIX Message Queue File System...
         Mounting POSIX Message Queue File System...
[   53.939010] sysem[1: Startedorard Passor Rqusts to Wall Director Wtc.
[[0;32m  OK  [0m] Started Forward Password Requests to Wall Directory Watch.
[   55.006950] systemd[1]: Starting Set console keymap...
         Starting Set console keymap...
[   55.038087] systemd[1]: Reached target User and Group Name Lookups.
[[0;32m  OK  [0m] Reached target User and Group Name Lookups.
[   55.083052] systemd[1]: Starting Remount Root and Kernel File Systems...
         Starting Remount Root and Kernel File Systems...
[   55.150788] EXT4-fs (sda1): re-mounted. Opts: (null)
[   55.207128] systemd[1]: Starting Load Kernel Modules...
         Starting Load Kernel Modules...
[   55.263016] systemd[1]: Starting Uncomplicated firewall...
         [   55.292909] Loading iSCSI transport class v2.0-870.
Starting Uncomplicated firewall.[   55.342092] iscsi: registered transport (tcp)
..
[   55.403106] systemd[1]: Mounting Debug File System...
         Mounting Debug File System...
[   55.444706] iscsi: registered transport (iser)
[   55.482431] systemd[1]: Started Trigger resolvconf update for networkd DNS.
[[0;32m  OK  [0m] Started Trigger resolvconf update for networkd DNS.
[   55.595910] systemd[1]: Listening on Journal Audit Socket.
[[0;32m  OK  [0m] Listening on Journal Audit Socket.
[   55.630848] systemd[1]: Listening on /dev/initctl Compatibility Named Pipe.
[[0;32m  OK  [0m] Listening on /dev/initctl Compatibility Named Pipe.
[   55.703073] systemd[1]: Created slice User and Session Slice.
[[0;32m  OK  [0m] Created slice User and Session Slice.
[   55.749838] systemd[1]: Reached target Slices.
[[0;32m  OK  [0m] Reached target Slices.
[   55.783270] systemd[1]: Listening on udev Control Socket.
[[0;32m  OK  [0m] Listening on udev Control Socket.
[   55.868523] systemd[1]: Listening on Syslog Socket.
[[0;32m  OK  [0m] Listening on Syslog Socket.
[   55.899882] systemd[1]: Listening on Device-mapper event daemon FIFOs.
[[0;32m  OK  [0m] Listening on Device-mapper event daemon FIFOs.
[   55.958855] systemd[1]: Starting Monitoring of LVM2 mirrors, snapshots etc. using dmeventd or progress polling...
         Starting Monitoring of LVM2 mirrors... dmeventd or progress polling...
[   55.992030] systemd[1]: Starting Journal Service...
         Starting Journal Service...
[   56.028964] systemd[1]: Mounted Huge Pages File System.
[[0;32m  OK  [0m] Mounted Huge Pages File System.
[   56.050619] systemd[1]: Mounted Debug File System.
[[0;32m  OK  [0m] Mounted Debug File System.
[   56.095438] systemd[1]: Mounted POSIX Message Queue File System.
[[0;32m  OK  [0m] Mounted POSIX Message Queue File System.
[   56.155460] systemd[1]: Started Create list of required static device nodes for the current kernel.
[[0;32m  OK  [0m] Started Create list of required sta...ce nodes for the current kernel.
[   56.227553] systemd[1]: Started Set console keymap.
[[0;32m  OK  [0m] Started Set console keymap.
[   56.274385] systemd[1]: Started Remount Root and Kernel File Systems.
[[0;32m  OK  [0m] Started Remount Root and Kernel File Systems.
[   56.354796] systemd[1]: Started Load Kernel Modules.
[[0;32m  OK  [0m] Started Load Kernel Modules.
[   56.408089] systemd[1]: Started Uncomplicated firewall.
[[0;32m  OK  [0m] Started Uncomplicated firewall.
[   56.434666] systemd[1]: Started Nameserver information manager.
[[0;32m  OK  [0m] Started Nameserver information manager.
[   56.480237] systemd[1]: Started Journal Service.
[[0;32m  OK  [0m] Started Journal Service.
[[0;32m  OK  [0m] Started LVM2 metadata daemon.
         Starting Apply Kernel Variables...
         Mounting FUSE Control File System...
         Starting udev Coldplug all Devices...
         Starting Load/Save Random Seed...
         Starting Flush Journal to Persistent Storage...
         Starting Initial cloud-init job (pre-networking)...
         Starting Create Static Device Nodes in /dev...
[[0;32m  OK  [0m] Mounted FUSE Control File System.
[[0;32m  OK  [0m] Started Monitoring of LVM2 mirrors,...ng dmeventd or progress polling.
[[0;32m  OK  [0m] Started Apply Kernel Variables.
[[0;32m  OK  [0m] Started Load/Save Random Seed.
[[0;32m  OK  [0m] Started udev Coldplug all Devices.
[[0;32m  OK  [0m] Started Flush Journal to Persistent Storage.
[[0;32m  OK  [0m] Started Create Static Device Nodes in /dev.
         Starting udev Kernel Device Manager...
[[0;32m  OK  [0m] Started udev Kernel Device Manager.
[[0;32m  OK  [0m] Started Dispatch Password Requests to Console Directory Watch.
[[0;32m  OK  [0m] Reached target Local File Systems (Pre).
[[0;32m  OK  [0m] Reached target Local File Systems.
         Starting Tell Plymouth To Write Out Runtime Data...
         Starting Create Volatile Files and Directories...
         Starting Commit a transient machine-id on disk...
         Starting Set console font and keymap...
         Starting LSB: AppArmor initialization...
[[0;32m  OK  [0m] Started Tell Plymouth To Write Out Runtime Data.
[[0;32m  OK  [0m] Started Commit a transient machine-id on disk.
[[0;32m  OK  [0m] Found device /dev/ttyS0.
[[0;32m  OK  [0m] Started Create Volatile Files and Directories.
[[0;32m  OK  [0m] Reached target System Time Synchronized.
         Starting Update UTMP about System Boot/Shutdown...
[[0;32m  OK  [0m] Started Update UTMP about System Boot/Shutdown.
[[0;32m  OK  [0m] Listening on Load/Save RF Kill Switch Status /dev/rfkill Watch.
[[0;32m  OK  [0m] Started LSB: AppArmor initialization.
[[0;32m  OK  [0m] Started Set console font and keymap.
[[0;32m  OK  [0m] Created slice system-getty.slice.
[   43.625995] cloud-init[457]: Cloud-init v. 0.7.9 running 'init-local' at Wed, 15 Nov 2017 15:45:12 +0000. Up 43.13 seconds.
[[0;32m  OK  [0m] Started Initial cloud-init job (pre-networking).
[[0;32m  OK  [0m] Reached target Network (Pre).
         Starting Raise network interfaces...
[[0;32m  OK  [0m] Started Raise network interfaces.
[[0;32m  OK  [0m] Reached target Network.
         Starting Initial cloud-init job (metadata service crawler)...
[   46.262697] cloud-init[947]: Cloud-init v. 0.7.9 running 'init' at Wed, 15 Nov 2017 15:45:13 +0000. Up 44.45 seconds.
[   46.340880] [cloud-init[0;32m  OK  [0m[947]: ] ci-info: ++++++++++++++++++++++++++++++++++++++Net device info++++++++++++++++++++++++++++++++++++++Started Initial cloud-init job (metadata service crawler).

[[0;32m  OK  [0m] Reached target Cloud-config availability.
[[0;32m  OK  [0m] Reached target Network is Online.
[   46.342905] cloud-init[947]: ci-info: +--------+-------+----------------------------+---------------+-------+-------------------+
[   46.589052]          cloud-initStarting iSCSI initiator daemon (iscsid)...[947]: 
ci-info: | Device |   Up  |          Address           |      Mask     | Scope |     Hw-Address    |
[[0;32m  OK  [0m] Reached target System Initialization.
[   46.665867] cloud-init[947]: ci-info: +--------+-------+----------------------------+---------------+-------+-------------------+
[   46.796344] [cloud-init[0;32m  OK  [0m[947]: ] ci-info: | enp0s8 | False |             .              |       .       |   .   | 08:00:27:85:3d:24 |Started Timer to automatically refresh installed snaps.

[   46.799613] cloud-init[947]: ci-info: |   lo   |  True |         127.0.0.1          |   255.0.0.0   |   .   |         .         |
[   46.854492] cloud-init[947]: ci-info: |   lo   |  True |          ::1/128           |       .       |  host |         .         |
[   46.870037] cloud-init[947]: ci-info: | enp0s3 |  True |         10.0.2.15          | 255.255.255.0 |   .   | 02:53:17:3c:de:80 |
[   46.892932] cloud-init[947]: ci-info: | enp0s3 |  True | fe80::53:17ff:fe3c:de80/64 |       .       |  link | 02:53:17:3c:de:80 |
[   46.945217]          cloud-initStarting LXD - unix socket.[947]: 
ci-info: +--------+-------+----------------------------+---------------+-------+-------------------+
[   47.006152] [cloud-init[0;32m  OK  [0m[947]: ] ci-info: +++++++++++++++++++++++++++Route IPv4 info++++++++++++++++++++++++++++Started Daily Cleanup of Temporary Directories.

[   47.012176] [cloud-init[0;32m  OK  [0m[947]: ] ci-info: +-------+-------------+----------+---------------+-----------+-------+Listening on UUID daemon activation socket.

[   47.049291] cloud-init[947]: ci-info: | Route | Destination | Gateway  |    Genmask    | Interface | Flags |
[[0;32m  OK  [0m] Started ACPI Events Check.
[   47.093374] [[0;32m  OK  [0m] Reached target Paths.
[[0;32m  OK  [0m] Started Daily apt download activities.
cloud-init[947]: ci-info: +-------+-------------+----------+---------------+-----------+-------+
[   47.173056] cloud-init[947]: ci-info: |   0   |   0.0.0.0   | 10.0.2.2 |    0.0.0.0    |   enp0s3  |   UG  |
[[0;32m  OK  [0m] Started Daily apt upgrade and clean activities.
[   47.209460] cloud-init[947]: ci-info: |   1   |   10.0.2.0  | 0.0.0.0  | 255.255.255.0 |   enp0s3  |   U   |
[[0;32m  OK  [0m] Reached target Timers.
[   47.212592]          cloud-initStarting Socket activation for snappy daemon.[947]: 
ci-info: +-------+-------------+----------+---------------+-----------+-------+
[   47.392697] [cloud-init[0;32m  OK  [0m[947]: ] Generating public/private rsa key pair.Listening on ACPID Listen Socket.

[   47.394332] [cloud-init[0;32m  OK  [0m[947]: ] Your identification has been saved in /etc/ssh/ssh_host_rsa_key.Listening on D-Bus System Message Bus Socket.

[   47.577797] [cloud-init[0;32m  OK  [0m[947]: ] Your public key has been saved in /etc/ssh/ssh_host_rsa_key.pub.Listening on LXD - unix socket.

[   47.579755] [[0;32m  OK  [0m] Listening on Socket activation for snappy daemon.
[[0;32m  OK  [0m] Started iSCSI initiator daemon (iscsid).
cloud-init[947]: The key fingerprint is:
[   47.688779] cloud-init[947]: SHA256:eK/eBKPL0+0OXVX+wJdYtwlGDf4j+bKlVFdNSd/QmJs root@ubuntu-xenial
[   47.740389] cloud-init[947]: The key's randomart image is:
[   47.742006] cloud-init[947]: +---[RSA 2048]----+
[   47.742070] cloud-init[947]: |            .==*=|
         Starting Login to default iSCSI targets...
[[0;32m  OK  [0m] Reached target Sockets.
[   47.743298] cloud-init[947]: |            o.*BX|
[   47.749707] cloud-init[947]: |             o+*B|
[   47.750197] cloud-init[947]: |       .     .Eoo|
[   47.750263] cloud-init[947]: |      . S   .o +o|
[   47.750319] cloud-init[947]: |       o = .  + o|
[   47.750375] cloud-init[947]: |      ....+  o o |
[   47.750429] cloud-init[947]: |     ....=. . =  |
[   47.750584] cloud-init[947]: |      oooo+  o   |
[   47.750642] cloud-init[947]: +----[SHA256]-----+
[   47.750697] cloud-init[947]: Generating public/private dsa key pair.
[   47.750753] cloud-init[947]: Your identification has been saved in /etc/ssh/ssh_host_dsa_key.
[   47.750807] cloud-init[947]: Your public key has been saved in /etc/ssh/ssh_host_dsa_key.pub.
[   47.750861] cloud-init[947]: The key fingerprint is:
[   47.750915] cloud-init[947]: SHA256:PesC1C6MPj9w2uWGZETckmvgaqvjwFxnKAtFemRsYNc root@ubuntu-xenial
[   47.750970] cloud-init[947]: The key's randomart image is:
[   47.751028] cloud-init[947]: +---[DSA 1024]----+
[   47.751081] cloud-init[947]: |.++... o         |
[   47.751134] cloud-init[947]: |.=+ .E= .        |
[   47.751188] cloud-init[947]: |..o. o +         |
[   47.751243] cloud-init[947]: | o  o = ..       |
[   47.751297] cloud-init[947]: |.. + O .S o      |
[   47.751350] cloud-init[947]: |+ * = B o  o     |
[   47.751403] cloud-init[947]: |.= o B *  .      |
[   47.751552] cloud-init[947]: |o . + + +.       |
[   47.751613] cloud-init[947]: |o+   o.o ..      |
[   47.751668] cloud-init[947]: +----[SHA256]-----+
[   47.751722] cloud-init[947]: Generating public/private ecdsa key pair.
[   47.751780] cloud-init[947]: Your identification has been saved in /etc/ssh/ssh_host_ecdsa_key.
[   47.751836] cloud-init[947]: Your public key has been saved in /etc/ssh/ssh_host_ecdsa_key.pub.
[   47.751890] cloud-init[947]: The key fingerprint is:
[   47.751943] cloud-init[947]: SHA256:XXHfDE3ZfVlf7YN+QjrAxA0j4tmlR2POwCt7tel64uI root@ubuntu-xenial
[   47.751998] cloud-init[947]: The key's randomart image is:
[[0;32m  OK  [0m] Reached target Basic System.
[   48.233400] cloud-init[947]: +---[ECDSA 256]---+
[   48.233558] cloud-init[947]: |     ..o.Bo . oo@|
[   48.233612] cloud-init[947]: |    . +.Xoo. o *X|
[   48.234718] cloud-init[947]: |     o o++  . ..*|
[   48.234767] cloud-init[947]: |     . ..= . o ..|
[   48.234815] cloud-init[947]: |      o S = +   .|
[   48.234862] cloud-init[947]: |     . . o o o . |
[   48.234934] cloud-init[947]: |      . .   . o  |
[   48.234988] cloud-init[947]: |     . . o       |
[   48.235123] cloud-init[947]: |    .Eoo+        |
         Starting System Logging Service...
[   48.235189] cloud-init[947]: +----[SHA256]-----+
[   48.391694] cloud-init[947]: Generating public/private ed25519 key pair.
[[   48.402761] cloud-init[947]: Your identification has been saved in /etc/ssh/ssh_host_ed25519_key.
[   48.405878] cloud-init[947]: Your public key has been saved in /etc/ssh/ssh_host_ed25519_key.pub.
[   48.407367] cloud-init[947]: The key fingerprint is:
[   48.407424] cloud-init[947]: SHA256:3OCSkM9vrJ6GCiL+TKNsgxoGVu63jRpKF/zybyPwpQI root@ubuntu-xenial
[0;32m  OK  [0m] Started Deferred execution scheduler.
[   48.407474] cloud-init[947]: The key's randomart image is:
[[   48.670928] cloud-init[947]: +--[ED25519 256]--+
[0;32m  OK  [0m] Started FUSE filesystem for LXC.
[   48.674407] cloud-init[947]: |                 |
[   48.810355] cloud-init[947]: |     .           |
[   48.812787] cloud-init[947]: |   .o   .        |
[[0;32m  OK  [0m] Started D-Bus System Message Bus.
[   48.813770] cloud-init[947]: |  +  + + o       |
[   48.832382] cloud-init[947]: |.. +  = S .      |
[   48.838531] cloud-init[947]: |oE..o  =         |
[   48.851408] cloud-init[947]: |*o.Bo+o +        |
[   48.863130] cloud-init[947]: |O=*.B+=*         |
[   48.881643] cloud-init[947]: |+=+=o*Bo.        |
[   48.897846] cloud-init[947]: +----[SHA256]-----+
[[0;32m  OK  [0m] Started ACPI event daemon.
         Starting Accounts Service...
         Starting Apply the settings specified in cloud-config...
[[0;32m  OK  [0m] Started Unattended Upgrades Shutdown.
[[0;32m  OK  [0m] Started Regular background program processing daemon.
         Starting LSB: Record successful boot for GRUB...
         Starting Snappy daemon...
         Starting Pollinate to seed the pseudo random number generator...
         Starting /etc/rc.local Compatibility...
         Starting Login Service...
         Starting LSB: MD monitoring daemon...
         Starting LXD - container startup/shutdown...
[[0;32m  OK  [0m] Started System Logging Service.
[[0;32m  OK  [0m] Started /etc/rc.local Compatibility.
         Starting Authenticate and Authorize Users to Run Privileged Tasks...
[[0;32m  OK  [0m] Started Login Service.
[[0;32m  OK  [0m] Started LSB: Record successful boot for GRUB.
[[0;32m  OK  [0m] Started Login to default iSCSI targets.
[[0;32m  OK  [0m] Reached target Remote File Systems (Pre).
[[0;32m  OK  [0m] Reached target Remote File Systems.
[   49.992470] cloud-init[1070]: Generating locales (this might take a while)...
         Starting LSB: automatic crash report generation...
         Starting LSB: VirtualBox Linux Additions...
         Starting LSB: Set the CPU Frequency Scaling governor to "ondemand"...
         Starting LSB: daemon to balance interrupts for SMP systems...
         Starting Permit User Sessions...
[[0;32m  OK  [0m] Started LSB: MD monitoring daemon.
[[0;32m  OK  [0m] Started Permit User Sessions.
[[0;32m  OK  [0m] Started Authenticate and Authorize Users to Run Privileged Tasks.
[[0;32m  OK  [0m] Started Accounts Service.
[[0;32m  OK  [0m] Started LSB: Set the CPU Frequency Scaling governor to "ondemand".
[[0;32m  OK  [0m] Started LSB: automatic crash report generation.
         Starting Hold until boot process finishes up...
         Starting Terminate Plymouth Boot Screen...
[[0;32m  OK  [0m] Started Hold until boot process finishes up.
[[0;32m  OK  [0m] Started LSB: daemon to balance interrupts for SMP systems.
[[0;32m  OK  [0m] Started Terminate Plymouth Boot Screen.
[[0;32m  OK  [0m] Started LSB: VirtualBox Linux Additions.
         Starting Set console scheme...
[[0;32m  OK  [0m] Started Serial Getty on ttyS0.
[[0;32m  OK  [0m] Started Getty on tty1.
[[0;32m  OK  [0m] Reached target Login Prompts.
[[0;32m  OK  [0m] Started Set console scheme.
[[0;32m  OK  [0m] Started Snappy daemon.
[   52.707508] cloud-init[1070]:   en_US.UTF-8... done
[   52.720928] cloud-init[1070]: Generation complete.
[[0;32m  OK  [0m] Started Pollinate to seed the pseudo random number generator.
[[0;32m  OK  [0m] Started LXD - container startup/shutdown.
         Starting OpenBSD Secure Shell server...
[[0;32m  OK  [0m] Started OpenBSD Secure Shell server.
[[0;32m  OK  [0m] Reached target Multi-User System.
[[0;32m  OK  [0m] Reached target Graphical Interface.
         Starting Update UTMP about System Runlevel Changes...
[[0;32m  OK  [0m] Started Update UTMP about System Runlevel Changes.
         Stopping OpenBSD Secure Shell server...
[[0;32m  OK  [0m] Stopped OpenBSD Secure Shell server.
         Starting OpenBSD Secure Shell server...
[[0;32m  OK  [0m] Started OpenBSD Secure Shell server.
[[0;32m  OK  [0m] Created slice User Slice of ubuntu.
         Starting User Manager for UID 1000...
[[0;32m  OK  [0m] Started Session 1 of user ubuntu.
[[0;32m  OK  [0m] Started User Manager for UID 1000.
[   55.136865] cloud-init[1070]: Cloud-init v. 0.7.9 running 'modules:config' at Wed, 15 Nov 2017 15:45:18 +0000. Up 49.30 seconds.
[[0;32m  OK  [0m] Started Apply the settings specified in cloud-config.
         Starting Execute cloud user/final scripts...
ci-info: no authorized ssh keys fingerprints found for user ubuntu.
<14>Nov 15 15:45:24 ec2: 
<14>Nov 15 15:45:24 ec2: #############################################################
<14>Nov 15 15:45:24 ec2: -----BEGIN SSH HOST KEY FINGERPRINTS-----
<14>Nov 15 15:45:24 ec2: 1024 SHA256:PesC1C6MPj9w2uWGZETckmvgaqvjwFxnKAtFemRsYNc root@ubuntu-xenial (DSA)
<14>Nov 15 15:45:24 ec2: 256 SHA256:XXHfDE3ZfVlf7YN+QjrAxA0j4tmlR2POwCt7tel64uI root@ubuntu-xenial (ECDSA)
<14>Nov 15 15:45:24 ec2: 256 SHA256:3OCSkM9vrJ6GCiL+TKNsgxoGVu63jRpKF/zybyPwpQI root@ubuntu-xenial (ED25519)
<14>Nov 15 15:45:24 ec2: 2048 SHA256:eK/eBKPL0+0OXVX+wJdYtwlGDf4j+bKlVFdNSd/QmJs root@ubuntu-xenial (RSA)
<14>Nov 15 15:45:24 ec2: -----END SSH HOST KEY FINGERPRINTS-----
<14>Nov 15 15:45:24 ec2: #############################################################
-----BEGIN SSH HOST KEY KEYS-----
ecdsa-sha2-nistp256 AAAAE2VjZHNhLXNoYTItbmlzdHAyNTYAAAAIbmlzdHAyNTYAAABBBINQqQ2rYs33r+2LdDdCMsE6/oqPzh03+SgcQ5Z7vrtGu3psbJ4AAL78QuyGVi2qSuxsLvusjPhYWTJOhy6suaw= root@ubuntu-xenial
ssh-ed25519 AAAAC3NzaC1lZDI1NTE5AAAAIEodcwncAFZ3rBHrf3cD+Ypdx5EVggGizNhVogTPf+Jl root@ubuntu-xenial
ssh-rsa AAAAB3NzaC1yc2EAAAADAQABAAABAQDnjrGhXOjH2Ss4vNZPlP96bhxyI9jVDf2vPgwurYCgLQgG7hcxMae3hf/SPBAJ9L06nayB/hf34wpb6m7k26dOnZY+mrgszo/sjE7rcUZVMXvKriZpqcJTBlkWCx+07zEGlgPRTLJvfyG4K0YFShuOhg7Gx38bHMEkuw5HKzTPPMh2Sw23q1Rt9v3sLjg/JbRBP/krVlH1RRptSffFsxFlp3R4SFgFmrjQunizEIoM3HCqTJhC1DziLUvXpC9RfBzoc0CoGs4oS9J+M89+79WqjnnKPGHnctxdAOzJDdQWmZOh2hQWOLFEeEyik8R1GwIByfT5H/j7nV4+aGDUoUCN root@ubuntu-xenial
-----END SSH HOST KEY KEYS-----
[   56.306370] cloud-init[1411]: Cloud-init v. 0.7.9 running 'modules:final' at Wed, 15 Nov 2017 15:45:24 +0000. Up 55.49 seconds.
[   56.385231] [cloud-init[0;32m  OK  [0m[1411]: ] ci-info: no authorized ssh keys fingerprints found for user ubuntu.Started Execute cloud user/final scripts.

[   56.386812] cloud-init[1411]: Cloud-init v. 0.7.9 finished at Wed, 15 Nov 2017 15:45:25 +0000. Datasource DataSourceNoCloud [seed=/dev/sdb][dsmode=net].  Up 56.29 seconds

Ubuntu 16.04.3 LTS ubuntu-xenial ttyS0

ubuntu-xenial login: 